// Jest Snapshot v1, https://goo.gl/fbAQLP

exports[`actions initNews action 1`] = `[Function]`;
