// Jest Snapshot v1, https://goo.gl/fbAQLP

exports[`containers App should display initial count 1`] = `undefined`;
